// Jest Snapshot v1, https://goo.gl/fbAQLP

exports[`<Button /> render 1`] = `
<View
  accessible={true}
  isTVSelectable={true}
  onResponderGrant={[Function]}
  onResponderMove={[Function]}
  onResponderRelease={[Function]}
  onResponderTerminate={[Function]}
  onResponderTerminationRequest={[Function]}
  onStartShouldSetResponder={[Function]}
  style={null}
>
  <Text
    style={null}
  >
    Button
  </Text>
</View>
`;
